// Jest Snapshot v1, https://goo.gl/fbAQLP

exports[`gatsby-plugin-csv-feed onPostBuild creates CSV 1`] = `
"\\"title\\",\\"description\\"
\\"Some title\\",\\"Some description\\""
`;

exports[`gatsby-plugin-csv-feed onPostBuild creates multiple CSVs 1`] = `
"\\"title\\",\\"description\\"
\\"Some title\\",\\"Some description\\""
`;

exports[`gatsby-plugin-csv-feed onPostBuild creates multiple CSVs 2`] = `
"\\"name\\",\\"sku\\",\\"price\\"
\\"Product name\\",\\"Product sku\\",10"
`;

exports[`gatsby-plugin-csv-feed onPostBuild does not mutate base query 1`] = `
"\\"title\\",\\"description\\",\\"siteTitle\\"
\\"Some title\\",\\"Some description\\",\\"Site title\\""
`;
